// Jest Snapshot v1, https://goo.gl/fbAQLP

exports[`example reducer test should correctly add to collection 1`] = `
Object {
  "collection": Array [
    1,
    2,
  ],
}
`;

exports[`example reducer test should correctly remove from collection 1`] = `
Object {
  "collection": Array [
    1,
    3,
  ],
}
`;
